[    0.000000] Initializing cgroup subsys cpuset
[    0.000000] Initializing cgroup subsys cpu
[    0.000000] Initializing cgroup subsys cpuacct
[    0.000000] Linux version 4.4.0-83-generic (buildd@lcy01-02) (gcc version 5.4.0 20160609 (Ubuntu 5.4.0-6ubuntu1~16.04.4) ) #106-Ubuntu SMP Mon Jun 26 17:54:25 UTC 2017 (Ubuntu 4.4.0-83.106-generic 4.4.70)
[    0.000000] KERNEL supported cpus:
[    0.000000]   Intel GenuineIntel
[    0.000000]   AMD AuthenticAMD
[    0.000000]   NSC Geode by NSC
[    0.000000]   Cyrix CyrixInstead
[    0.000000]   Centaur CentaurHauls
[    0.000000]   Transmeta GenuineTMx86
[    0.000000]   Transmeta TransmetaCPU
[    0.000000]   UMC UMC UMC UMC
[    0.000000] x86/fpu: xstate_offset[2]:  576, xstate_sizes[2]:  256
[    0.000000] x86/fpu: Supporting XSAVE feature 0x01: 'x87 floating point registers'
[    0.000000] x86/fpu: Supporting XSAVE feature 0x02: 'SSE registers'
[    0.000000] x86/fpu: Supporting XSAVE feature 0x04: 'AVX registers'
[    0.000000] x86/fpu: Enabled xstate features 0x7, context size is 832 bytes, using 'standard' format.
[    0.000000] x86/fpu: Using 'lazy' FPU context switches.
[    0.000000] e820: BIOS-provided physical RAM map:
[    0.000000] BIOS-e820: [mem 0x0000000000000000-0x000000000009fbff] usable
[    0.000000] BIOS-e820: [mem 0x000000000009fc00-0x000000000009ffff] reserved
[    0.000000] BIOS-e820: [mem 0x00000000000f0000-0x00000000000fffff] reserved
[    0.000000] BIOS-e820: [mem 0x0000000000100000-0x000000003ffeffff] usable
[    0.000000] BIOS-e820: [mem 0x000000003fff0000-0x000000003fffffff] ACPI data
[    0.000000] BIOS-e820: [mem 0x00000000fec00000-0x00000000fec00fff] reserved
[    0.000000] BIOS-e820: [mem 0x00000000fee00000-0x00000000fee00fff] reserved
[    0.000000] BIOS-e820: [mem 0x00000000fffc0000-0x00000000ffffffff] reserved
[    0.000000] NX (Execute Disable) protection: active
[    0.000000] SMBIOS 2.5 present.
[    0.000000] Hypervisor detected: KVM
[    0.000000] e820: last_pfn = 0x3fff0 max_arch_pfn = 0x1000000
[    0.000000] MTRR: Disabled
[    0.000000] x86/PAT: MTRRs disabled, skipping PAT initialization too.
[    0.000000] x86/PAT: Configuration [0-7]: WB  WT  UC- UC  WB  WT  UC- UC  
[    0.000000] CPU MTRRs all blank - virtualized system.
[    0.000000] found SMP MP-table at [mem 0x0009fff0-0x0009ffff] mapped at [c009fff0]
[    0.000000] Scanning 1 areas for low memory corruption
[    0.000000] RAMDISK: [mem 0x36af4000-0x37571fff]
[    0.000000] ACPI: Early table checksum verification disabled
[    0.000000] ACPI: RSDP 0x00000000000E0000 000024 (v02 VBOX  )
[    0.000000] ACPI: XSDT 0x000000003FFF0030 00003C (v01 VBOX   VBOXXSDT 00000001 ASL  00000061)
[    0.000000] ACPI: FACP 0x000000003FFF00F0 0000F4 (v04 VBOX   VBOXFACP 00000001 ASL  00000061)
[    0.000000] ACPI: DSDT 0x000000003FFF0470 0021C8 (v02 VBOX   VBOXBIOS 00000002 INTL 20160831)
[    0.000000] ACPI: FACS 0x000000003FFF0200 000040
[    0.000000] ACPI: FACS 0x000000003FFF0200 000040
[    0.000000] ACPI: APIC 0x000000003FFF0240 00005C (v02 VBOX   VBOXAPIC 00000001 ASL  00000061)
[    0.000000] ACPI: SSDT 0x000000003FFF02A0 0001CC (v01 VBOX   VBOXCPUT 00000002 INTL 20160831)
[    0.000000] 131MB HIGHMEM available.
[    0.000000] 891MB LOWMEM available.
[    0.000000]   mapped low ram: 0 - 37bfe000
[    0.000000]   low ram: 0 - 37bfe000
[    0.000000] kvm-clock: Using msrs 4b564d01 and 4b564d00
[    0.000000] kvm-clock: cpu 0, msr 0:37bfd001, primary cpu clock
[    0.000000] kvm-clock: using sched offset of 3221471014 cycles
[    0.000000] clocksource: kvm-clock: mask: 0xffffffffffffffff max_cycles: 0x1cd42e4dffb, max_idle_ns: 881590591483 ns
[    0.000000] Zone ranges:
[    0.000000]   DMA      [mem 0x0000000000001000-0x0000000000ffffff]
[    0.000000]   Normal   [mem 0x0000000001000000-0x0000000037bfdfff]
[    0.000000]   HighMem  [mem 0x0000000037bfe000-0x000000003ffeffff]
[    0.000000] Movable zone start for each node
[    0.000000] Early memory node ranges
[    0.000000]   node   0: [mem 0x0000000000001000-0x000000000009efff]
[    0.000000]   node   0: [mem 0x0000000000100000-0x000000003ffeffff]
[    0.000000] Initmem setup node 0 [mem 0x0000000000001000-0x000000003ffeffff]
[    0.000000] Using APIC driver default
[    0.000000] ACPI: PM-Timer IO Port: 0x4008
[    0.000000] IOAPIC[0]: apic_id 2, version 32, address 0xfec00000, GSI 0-23
[    0.000000] ACPI: INT_SRC_OVR (bus 0 bus_irq 0 global_irq 2 dfl dfl)
[    0.000000] ACPI: INT_SRC_OVR (bus 0 bus_irq 9 global_irq 9 high level)
[    0.000000] Using ACPI (MADT) for SMP configuration information
[    0.000000] smpboot: Allowing 2 CPUs, 0 hotplug CPUs
[    0.000000] PM: Registered nosave memory: [mem 0x00000000-0x00000fff]
[    0.000000] PM: Registered nosave memory: [mem 0x0009f000-0x0009ffff]
[    0.000000] PM: Registered nosave memory: [mem 0x000a0000-0x000effff]
[    0.000000] PM: Registered nosave memory: [mem 0x000f0000-0x000fffff]
[    0.000000] e820: [mem 0x40000000-0xfebfffff] available for PCI devices
[    0.000000] Booting paravirtualized kernel on KVM
[    0.000000] clocksource: refined-jiffies: mask: 0xffffffff max_cycles: 0xffffffff, max_idle_ns: 7645519600211568 ns
[    0.000000] setup_percpu: NR_CPUS:8 nr_cpumask_bits:8 nr_cpu_ids:2 nr_node_ids:1
[    0.000000] PERCPU: Embedded 19 pages/cpu @f76b0000 s47436 r0 d30388 u77824
[    0.000000] PV qspinlock hash table entries: 512 (order: 0, 4096 bytes)
[    0.000000] Built 1 zonelists in Zone order, mobility grouping on.  Total pages: 259800
[    0.000000] Kernel command line: BOOT_IMAGE=/boot/vmlinuz-4.4.0-83-generic root=LABEL=cloudimg-rootfs ro console=tty1 console=ttyS0
[    0.000000] PID hash table entries: 4096 (order: 2, 16384 bytes)
[    0.000000] Dentry cache hash table entries: 131072 (order: 7, 524288 bytes)
[    0.000000] Inode-cache hash table entries: 65536 (order: 6, 262144 bytes)
[    0.000000] Initializing CPU#0
[    0.000000] Initializing HighMem for node 0 (00037bfe:0003fff0)
[    0.000000] Initializing Movable for node 0 (00000000:00000000)
[    0.000000] Memory: 1012192K/1048120K available (7960K kernel code, 770K rwdata, 3164K rodata, 940K init, 800K bss, 35928K reserved, 0K cma-reserved, 135112K highmem)
[    0.000000] virtual kernel memory layout:
[    0.000000]     fixmap  : 0xfff15000 - 0xfffff000   ( 936 kB)
[    0.000000]     pkmap   : 0xffc00000 - 0xffe00000   (2048 kB)
[    0.000000]     vmalloc : 0xf83fe000 - 0xffbfe000   ( 120 MB)
[    0.000000]     lowmem  : 0xc0000000 - 0xf7bfe000   ( 891 MB)
[    0.000000]       .init : 0xc1ba1000 - 0xc1c8c000   ( 940 kB)
[    0.000000]       .data : 0xc17c63cb - 0xc1b9fb40   (3941 kB)
[    0.000000]       .text : 0xc1000000 - 0xc17c63cb   (7960 kB)
[    0.000000] Checking if this processor honours the WP bit even in supervisor mode...Ok.
[    0.000000] SLUB: HWalign=64, Order=0-3, MinObjects=0, CPUs=2, Nodes=1
[    0.000000] Hierarchical RCU implementation.
[    0.000000] 	Build-time adjustment of leaf fanout to 32.
[    0.000000] 	RCU restricting CPUs from NR_CPUS=8 to nr_cpu_ids=2.
[    0.000000] RCU: Adjusting geometry for rcu_fanout_leaf=32, nr_cpu_ids=2
[    0.000000] NR_IRQS:2304 nr_irqs:440 16
[    0.000000] Console: colour VGA+ 80x25
[    0.000000] console [tty1] enabled
[    0.000000] console [ttyS0] enabled
[    0.000000] allocated 1048576 bytes of page_ext
[    0.000000] tsc: Detected 2593.994 MHz processor
[    1.182351] Calibrating delay loop (skipped) preset value.. 5187.98 BogoMIPS (lpj=10375976)
[    1.254309] pid_max: default: 32768 minimum: 301
[    1.254990] ACPI: Core revision 20150930
[    1.256552] ACPI: 2 ACPI AML tables successfully acquired and loaded
[    1.340821] Security Framework initialized
[    1.396542] Yama: becoming mindful.
[    1.440657] AppArmor: AppArmor initialized
[    1.497636] Mount-cache hash table entries: 2048 (order: 1, 8192 bytes)
[    1.579521] Mountpoint-cache hash table entries: 2048 (oder: 1, 8192 bytes)
[    1.644061] Initializing cgroup subsys io
[    1.662380] Initializing cgroup subsys memory
[    1.663041] Initializing cgroup subsys devices
[    1.667208] Initializing cgroup subsys freezer
[    1.682083] Initializing cgroup subsys net_cls
[    1.682746] Initializing cgroup subsys perf_event
[    1.683433] Initializing cgroup subsys net_prio
[    1.684095] Initializing cgroup subsys hugetlb
[    1.684774] Initializing cgroup subsys pids
[    1.685481] CPU: Physical Processor ID: 0
[    1.686092] CPU: Processor Core ID: 0
[    1.688426] mce: CPU supports 0 MCE banks
[    1.689064] Last level iTLB entries: 4KB 1024, 2MB 1024, 4MB 1024
[    1.689872] Last level dTLB entries: 4KB 1024, 2MB 1024, 4MB 1024, 1GB 4
[    1.693296] Freeing SMP alternatives memory: 28K (c1c8c000 - c1c93000)
[    1.701143] ftrace: allocating 31411 entries in 62 pages
[    1.763842] smpboot: APIC(0) Converting physical 0 to logical package 0
[    1.793199] smpboot: Max logical packages: 1
[    1.793849] Enabling APIC mode:  Flat.  Using 1 I/O APICs
[    1.795709] ..TIMER: vector=0x30 apic1=0 pin1=2 apic2=-1 pin2=-1
[    1.900532] smpboot: CPU0: Intel(R) Core(TM) i7-4510U CPU @ 2.00GHz (family: 0x6, model: 0x45, stepping: 0x1)
[    2.079719] Performance Events: unsupported p6 CPU model 69 no PMU driver, software events only.
[    2.205381] KVM setup paravirtual spinlock
[    2.207368] x86: Booting SMP configuration:
[    2.209409] .... node  #0, CPUs:      #1
[1266874886.488080] Initializing CPU#1
[    2.212733] kvm-clock: cpu 1, msr 0:37bfd041, secondary cpu clock
[    2.229343] mce: CPU supports 0 MCE banks
[    2.235068] x86: Booted up 1 node, 2 CPUs
[    2.245547] smpboot: Total of 2 processors activated (10375.97 BogoMIPS)
[    2.250343] devtmpfs: initialized
[    2.252144] evm: security.selinux
[    2.260827] evm: security.SMACK64
[    2.266895] evm: security.SMACK64EXEC
[    2.281818] evm: security.SMACK64TRANSMUTE
[    2.282525] evm: security.SMACK64MMAP
[    2.283186] evm: security.ima
[    2.283756] evm: security.capability
[    2.284717] clocksource: jiffies: mask: 0xffffffff max_cycles: 0xffffffff, max_idle_ns: 7645041785100000 ns
[    2.287322] futex hash table entries: 512 (order: 3, 32768 bytes)
[    2.288430] pinctrl core: initialized pinctrl subsystem
[    2.291117] RTC time:  6:28:01, date: 07/11/17
[    2.291958] NET: Registered protocol family 16
[    2.293937] EISA bus registered
[    2.304466] cpuidle: using governor ladder
[    2.316587] cpuidle: using governor menu
[    2.320136] PCCT header not found.
[    2.321369] ACPI: bus type PCI registered
[    2.322511] acpiphp: ACPI Hot Plug PCI Controller Driver version: 0.5
[    2.324485] PCI : PCI BIOS area is rw and x. Use pci=nobios if you want it NX.
[    2.328005] PCI: PCI BIOS revision 2.10 entry at 0xfda26, last bus=0
[    2.329904] PCI: Using configuration type 1 for base access
[    2.345647] ACPI: Added _OSI(Module Device)
[    2.348556] ACPI: Added _OSI(Processor Device)
[    2.350144] ACPI: Added _OSI(3.0 _SCP Extensions)
[    2.351729] ACPI: Added _OSI(Processor Aggregator Device)
[    2.354723] ACPI: Executed 1 blocks of module-level executable AML code
[    2.361047] ACPI: Interpreter enabled
[    2.363879] ACPI: (supports S0 S5)
[    2.364460] ACPI: Using IOAPIC for interrupt routing
[    2.365356] PCI: Using host bridge windows from ACPI; if necessary, use "pci=nocrs" and report a bug
[    2.370486] ACPI: PCI Root Bridge [PCI0] (domain 0000 [bus 00-ff])
[    2.372461] acpi PNP0A03:00: _OSC: OS supports [ASPM ClockPM Segments MSI]
[    2.381392] acpi PNP0A03:00: _OSC failed (AE_NOT_FOUND); disabling ASPM
[    2.383685] acpi PNP0A03:00: fail to add MMCONFIG information, can't access extended PCI configuration space under this bridge.
[    2.390820] PCI host bridge to bus 0000:00
[    2.393041] pci_bus 0000:00: root bus resource [io  0x0000-0x0cf7 window]
[    2.393959] pci_bus 0000:00: root bus resource [io  0x0d00-0xffff window]
[    2.394902] pci_bus 0000:00: root bus resource [mem 0x000a0000-0x000bffff window]
[    2.396074] pci_bus 0000:00: root bus resource [mem 0x40000000-0xffdfffff window]
[    2.398362] pci_bus 0000:00: root bus resource [bus 00-ff]
[    2.405502] pci 0000:00:01.1: legacy IDE quirk: reg 0x10: [io  0x01f0-0x01f7]
[    2.407619] pci 0000:00:01.1: legacy IDE quirk: reg 0x14: [io  0x03f6]
[    2.408522] pci 0000:00:01.1: legacy IDE quirk: reg 0x18: [io  0x0170-0x0177]
[    2.409540] pci 0000:00:01.1: legacy IDE quirk: reg 0x1c: [io  0x0376]
[    2.431790] pci 0000:00:07.0: quirk: [io  0x4000-0x403f] claimed by PIIX4 ACPI
[    2.439104] pci 0000:00:07.0: quirk: [io  0x4100-0x410f] claimed by PIIX4 SMB
[    2.453748] ACPI: PCI Interrupt Link [LNKA] (IRQs 5 9 10 *11)
[    2.460329] ACPI: PCI Interrupt Link [LNKB] (IRQs 5 9 10 *11)
[    2.463519] ACPI: PCI Interrupt Link [LNKC] (IRQs 5 9 *10 11)
[    2.464784] ACPI: PCI Interrupt Link [LNKD] (IRQs 5 *9 10 11)
[    2.465986] ACPI: Enabled 2 GPEs in block 00 to 07
[    2.467082] vgaarb: setting as boot device: PCI:0000:00:02.0
[    2.467915] vgaarb: device added: PCI:0000:00:02.0,decodes=io+mem,owns=io+mem,locks=none
[    2.469202] vgaarb: loaded
[    2.469700] vgaarb: bridge control possible 0000:00:02.0
[    2.470697] SCSI subsystem initialized
[    2.472627] ACPI: bus type USB registered
[    2.475515] usbcore: registered new interface driver usbfs
[    2.476335] usbcore: registered new interface driver hub
[    2.477195] usbcore: registered new device driver usb
[    2.478273] PCI: Using ACPI for IRQ routing
[    2.480234] NetLabel: Initializing
[    2.481911] NetLabel:  domain hash size = 128
[    2.482631] NetLabel:  protocols = UNLABELED CIPSOv4
[    2.483421] NetLabel:  unlabeled traffic allowed by default
[    2.484429] amd_nb: Cannot enumerate AMD northbridges
[    2.486356] clocksource: Switched to clocksource kvm-clock
[    2.546146] AppArmor: AppArmor Filesystem Enabled
[    2.639601] pnp: PnP ACPI init
[    2.714337] pnp: PnP ACPI: found 3 devices
[    2.795397] PnPBIOS: Disabled by ACPI PNP
[    2.835834] clocksource: acpi_pm: mask: 0xffffff max_cycles: 0xffffff, max_idle_ns: 2085701024 ns
[    3.008864] NET: Registered protocol family 2
[    3.111098] TCP established hash table entries: 8192 (order: 3, 32768 bytes)
[    3.267777] TCP bind hash table entries: 8192 (order: 4, 65536 bytes)
[    3.281672] TCP: Hash tables configured (established 8192 bind 8192)
[    3.283001] UDP hash table entries: 512 (order: 2, 16384 bytes)
[    3.284239] UDP-Lite hash table entries: 512 (order: 2, 16384 bytes)
[    3.330874] NET: Registered protocol family 1
[    3.331540] pci 0000:00:00.0: Limiting direct PCI/PCI transfers
[    3.332361] pci 0000:00:01.0: Activating ISA DMA hang workarounds
[    3.333753] Unpacking initramfs...
[    5.001669] Freeing initrd memory: 10744K (f6af4000 - f7572000)
[    5.238045] RAPL PMU detected, API unit is 2^-32 Joules, 4 fixed counters 10737418240 ms ovfl timer
[    5.248605] hw unit of domain pp0-core 2^-0 Joules
[    5.249333] hw unit of domain package 2^-0 Joules
[    5.250046] hw unit of domain dram 2^-0 Joules
[    5.250809] hw unit of domain pp1-gpu 2^-0 Joules
[    5.251584] platform rtc_cmos: registered platform RTC device (no PNP device found)
[    5.252852] Scanning for low memory corruption every 60 seconds
[    5.254174] audit: initializing netlink subsys (disabled)
[    5.258016] audit: type=2000 audit(1499754486.938:1): initialized
[    5.259163] Initialise system trusted keyring
[    5.266285] HugeTLB registered 2 MB page size, pre-allocated 0 pages
[    5.279281] zbud: loaded
[    5.285878] VFS: Disk quotas dquot_6.6.0
[    5.297929] VFS: Dquot-cache hash table entries: 1024 (order 0, 4096 bytes)
[    5.308391] squashfs: version 4.0 (2009/01/31) Phillip Lougher
[    5.313275] fuse init (API version 7.23)
[    5.316482] Key type big_key registered
[    5.320706] Allocating IMA MOK and blacklist keyrings.
[    5.323052] Key type asymmetric registered
[    5.327863] Asymmetric key parser 'x509' registered
[    5.328700] bounce: pool size: 64 pages
[    5.329415] Block layer SCSI generic (bsg) driver version 0.4 loaded (major 249)
[    5.330782] io scheduler noop registered
[    5.331441] io scheduler deadline registered (default)
[    5.337842] io scheduler cfq registered
[    5.338572] pci_hotplug: PCI Hot Plug PCI Core version: 0.5
[    5.339446] pciehp: PCI Express Hot Plug Controller Driver version: 0.4
[    5.340473] ACPI: AC Adapter [AC] (on-line)
[    5.344820] input: Power Button as /devices/LNXSYSTM:00/LNXPWRBN:00/input/input0
[    5.347200] ACPI: Power Button [PWRF]
[    5.347856] input: Sleep Button as /devices/LNXSYSTM:00/LNXSLPBN:00/input/input1
[    5.349033] ACPI: Sleep Button [SLPF]
[    5.350307] ACPI: Battery Slot [BAT0] (battery present)
[    5.357214] GHES: HEST is not enabled!
[    5.358691] isapnp: Scanning for PnP cards...
[    5.358704] Serial: 8250/16550 driver, 32 ports, IRQ sharing enabled
[    5.387423] 00:02: ttyS0 at I/O 0x3f8 (irq = 4, base_baud = 115200) is a 16550A
[    5.395996] Linux agpgart interface v0.103
[    5.438291] loop: module loaded
[    5.452078] scsi host0: ata_piix
[    5.453226] scsi host1: ata_piix
[    5.454335] ata1: PATA max UDMA/33 cmd 0x1f0 ctl 0x3f6 bmdma 0xd000 irq 14
[    5.456203] ata2: PATA max UDMA/33 cmd 0x170 ctl 0x376 bmdma 0xd008 irq 15
[    5.458498] libphy: Fixed MDIO Bus: probed
[    5.459739] tun: Universal TUN/TAP device driver, 1.6
[    5.461447] tun: (C) 1999-2004 Max Krasnyansky <maxk@qualcomm.com>
[    5.463313] PPP generic driver version 2.4.2
[    5.464756] ehci_hcd: USB 2.0 'Enhanced' Host Controller (EHCI) Driver
[    5.466546] ehci-pci: EHCI PCI platform driver
[    5.467885] ehci-platform: EHCI generic platform driver
[    5.469352] ohci_hcd: USB 1.1 'Open' Host Controller (OHCI) Driver
[    5.471041] ohci-pci: OHCI PCI platform driver
[    5.472385] ohci-platform: OHCI generic platform driver
[    5.474054] uhci_hcd: USB Universal Host Controller Interface driver
[    5.475903] i8042: PNP: PS/2 Controller [PNP0303:PS2K,PNP0f03:PS2M] at 0x60,0x64 irq 1,12
[    5.479098] serio: i8042 KBD port at 0x60,0x64 irq 1
[    5.480517] serio: i8042 AUX port at 0x60,0x64 irq 12
[    5.482027] mousedev: PS/2 mouse device common for all mice
[    5.483654] input: AT Translated Set 2 keyboard as /devices/platform/i8042/serio0/input/input2
[    5.629106] rtc_cmos rtc_cmos: rtc core: registered rtc_cmos as rtc0
[    5.630001] rtc_cmos rtc_cmos: alarms up to one day, 114 bytes nvram
[    5.630873] i2c /dev entries driver
[    5.631499] device-mapper: uevent: version 1.0.3
[    5.632244] device-mapper: ioctl: 4.34.0-ioctl (2015-10-28) initialised: dm-devel@redhat.com
[    5.633486] platform eisa.0: Probing EISA bus 0
[    5.672156] platform eisa.0: EISA: Cannot allocate resource for mainboard
[    5.673053] platform eisa.0: Cannot allocate resource for EISA slot 1
[    5.673900] platform eisa.0: Cannot allocate resource for EISA slot 2
[    5.674774] platform eisa.0: Cannot allocate resource for EISA slot 3
[    5.675625] platform eisa.0: Cannot allocate resource for EISA slot 4
[    5.676479] platform eisa.0: Cannot allocate resource for EISA slot 5
[    5.677359] platform eisa.0: Cannot allocate resource for EISA slot 6
[    5.678205] platform eisa.0: Cannot allocate resource for EISA slot 7
[    5.679077] platform eisa.0: Cannot allocate resource for EISA slot 8
[    5.679929] platform eisa.0: EISA: Detected 0 cards
[    5.680663] cpufreq-nforce2: No nForce2 chipset.
[    5.681344] ledtrig-cpu: registered to indicate activity on CPUs
[    5.692674] NET: Registered protocol family 10
[    5.702284] NET: Registered protocol family 17
[    5.702986] Key type dns_resolver registered
[    5.703800] microcode: CPU0 sig=0x40651, pf=0x40, revision=0x0
[    5.704630] microcode: CPU1 sig=0x40651, pf=0x40, revision=0x0
[    5.705640] microcode: Microcode Update Driver: v2.01 <tigran@aivazian.fsnet.co.uk>, Peter Oruba
[    5.706923] Using IPI No-Shortcut mode
[    5.727823] registered taskstats version 1
[    5.750976] isapnp: No Plug & Play device found
[    5.752394] Loading compiled-in X.509 certificates
[    5.757263] Loaded X.509 cert 'Build time autogenerated kernel key: 00b6515aa8253425ed3658068d9ee7caac75ba9a'
[    5.761136] zswap: loaded using pool lzo/zbud
[    5.763759] Key type trusted registered
[    5.770010] Key type encrypted registered
[    5.771910] AppArmor: AppArmor sha1 policy hashing enabled
[    5.772775] ima: No TPM chip found, activating TPM-bypass!
[    5.773587] evm: HMAC attrs: 0x1
[    5.774430]   Magic number: 9:392:468
[    5.776256] rtc_cmos rtc_cmos: setting system clock to 2017-07-11 06:28:05 UTC (1499754485)
[    5.779848] BIOS EDD facility v0.16 2004-Jun-25, 0 devices found
[    5.781747] EDD information not available.
[    5.783000] Freeing unused kernel memory: 940K (c1ba1000 - c1c8c000)
[    5.786317] Write protecting the kernel text: 7964k
[    5.787171] Write protecting the kernel read-only data: 3168k
[    5.788007] NX-protecting the kernel data: 6372k
Loading, please wait...
starting version[    5.803121] random: systemd-udevd: uninitialized urandom read (16 bytes read, 0 bits of entropy available)
 229
[    5.803996] random: udevadm: uninitialized urandom read (16 bytes read, 0 bits of entropy available)
[    5.804052] random: udevadm: uninitialized urandom read (16 bytes read, 0 bits of entropy available)
[    5.804286] random: udevadm: uninitialized urandom read (16 bytes read, 0 bits of entropy available)
[    5.804345] random: udevadm: uninitialized urandom read (16 bytes read, 0 bits of entropy available)
[    5.804397] random: udevadm: uninitialized urandom read (16 bytes read, 0 bits of entropy available)
[    5.804457] random: udevadm: uninitialized urandom read (16 bytes read, 0 bits of entropy available)
[    5.804515] random: udevadm: uninitialized urandom read (16 bytes read, 0 bits of entropy available)
[    5.804567] random: udevadm: uninitialized urandom read (16 bytes read, 0 bits of entropy available)
[    5.804625] random: udevadm: uninitialized urandom read (16 bytes read, 0 bits of entropy available)
[    5.848531] e1000: Intel(R) PRO/1000 Network Driver - version 7.3.21-k8-NAPI
[    5.859563] e1000: Copyright (c) 1999-2006 Intel Corporation.
[    5.863641] Fusion MPT base driver 3.04.20
[    5.907005] Copyright (c) 1999-2008 LSI Corporation
[    5.918317] Fusion MPT SPI Host driver 3.04.20
[    6.145404] input: ImExPS/2 Generic Explorer Mouse as /devices/platform/i8042/serio1/input/input4
[    6.239537] e1000 0000:00:03.0 eth0: (PCI:33MHz:32-bit) 02:84:b9:05:ef:6e
[    6.508238] e1000 0000:00:03.0 eth0: Intel(R) PRO/1000 Network Connection
[    6.509533] tsc: Refined TSC clocksource calibration: 2594.763 MHz
[    6.510789] clocksource: tsc: mask: 0xffffffffffffffff max_cycles: 0x2566e910df8, max_idle_ns: 440795324961 ns
[    6.843894] e1000 0000:00:08.0 eth1: (PCI:33MHz:32-bit) 08:00:27:6e:73:36
[    7.000774] e1000 0000:00:08.0 eth1: Intel(R) PRO/1000 Network Connection
[    7.134086] mptbase: ioc0: Initiating bringup
[    7.134385] e1000 0000:00:08.0 enp0s8: renamed from eth1
[    7.143596] e1000 0000:00:03.0 enp0s3: renamed from eth0
[    7.294671] ioc0: LSI53C1030 A0: Capabilities={Initiator}
[    7.470634] scsi host2: ioc0: LSI53C1030 A0, FwRev=00000000h, Ports=1, MaxQ=256, IRQ=20
[    7.711873] scsi 2:0:0:0: Direct-Access     VBOX     HARDDISK         1.0  PQ: 0 ANSI: 5
[    7.953088] scsi target2:0:0: Beginning Domain Validation
[    8.111715] scsi target2:0:0: Domain Validation skipping write tests
[    8.114584] scsi target2:0:0: Ending Domain Validation
[    8.115379] scsi target2:0:0: asynchronous
[    8.116599] scsi 2:0:1:0: Direct-Access     VBOX     HARDDISK         1.0  PQ: 0 ANSI: 5
[    8.117775] scsi target2:0:1: Beginning Domain Validation
[    8.119900] scsi target2:0:1: Domain Validation skipping write tests
[    8.120756] scsi target2:0:1: Ending Domain Validation
[    8.121540] scsi target2:0:1: asynchronous
[    8.129606] sd 2:0:0:0: [sda] 20971520 512-byte logical blocks: (10.7 GB/10.0 GiB)
[    8.293633] sd 2:0:0:0: Attached scsi generic sg0 type 0
[    8.294576] sd 2:0:0:0: [sda] Write Protect is off
[    8.294648] sd 2:0:0:0: [sda] Incomplete mode parameter data
[    8.294649] sd 2:0:0:0: [sda] Assuming drive cache: write through
[    8.420336]  sda: sda1
[    8.420932] sd 2:0:0:0: [sda] Attached SCSI disk
[    8.612777] sd 2:0:1:0: Attached scsi generic sg1 type 0
[    8.612929] sd 2:0:1:0: [sdb] 20480 512-byte logical blocks: (10.5 MB/10.0 MiB)
[    8.613039] sd 2:0:1:0: [sdb] Write Protect is off
[    8.613109] sd 2:0:1:0: [sdb] Incomplete mode parameter data
[    8.613110] sd 2:0:1:0: [sdb] Assuming drive cache: write through
[    8.686931] sd 2:0:1:0: [sdb] Attached SCSI disk
[    8.954934] floppy0: no floppy controllers found
Begin: Loading e[   10.417762] md: linear personality registered for level -1
ssential drivers ... [   10.462754] md: multipath personality registered for level -4
[   10.483184] md: raid0 personality registered for level 0
[   10.513395] md: raid1 personality registered for level 1
[   10.682403] raid6: mmxx1    gen()  5714 MB/s
[   10.754432] raid6: mmxx2    gen()  5908 MB/s
[   10.826435] raid6: sse1x1   gen()  4104 MB/s
[   10.898449] raid6: sse1x2   gen()  4541 MB/s
[   10.980325] raid6: sse2x1   gen()  8760 MB/s
[   11.050411] raid6: sse2x1   xor()  7074 MB/s
[   11.122382] raid6: sse2x2   gen() 11821 MB/s
[   11.194410] raid6: sse2x2   xor()  7815 MB/s
[   11.197065] raid6: using algorithm sse2x2 gen() 11821 MB/s
[   11.197855] raid6: .... xor() 7815 MB/s, rmw enabled
[   11.198611] raid6: using ssse3x1 recovery algorithm
[   11.203288] xor: automatically using best checksumming function:
[   11.462909]    avx       : 50372.000 MB/sec
[   11.470214] async_tx: api initialized (async)
[   11.494090] md: raid6 personality registered for level 6
[   11.496128] md: raid5 personality registered for level 5
[   11.497022] md: raid4 personality registered for level 4
[   11.505552] md: raid10 personality registered for level 10
done.
Begin: Running /scripts/init-premount ... done.
Begin: Mounting root file system ... Begin: Running /scripts/local-top ... done.
Begin: Running /scripts/local-premount ... [   11.546392] Btrfs loaded
Scanning for Btrfs filesystems
done.
Warning: fsck not present, so skipping root file system
[   11.676837] EXT4-fs (sda1): mounted filesystem with ordered data mode. Opts: (null)
done.
Begin: Running /scripts/local-bottom ... done.
Begin: Running /scripts/init-bottom ... done.
[   12.647055] systemd[1]: systemd 229 running in system mode. (+PAM +AUDIT +SELINUX +IMA +APPARMOR +SMACK +SYSVINIT +UTMP +LIBCRYPTSETUP +GCRYPT +GNUTLS +ACL +XZ -LZ4 +SECCOMP +BLKID +ELFUTILS +KMOD -IDN)
[   12.659971] systemd[1]: Detected virtualization oracle.
[   12.665577] systemd[1]: Detected architecture x86.
[   12.675877] random: nonblocking pool is initialized

Welcome to [1mUbuntu 16.04.2 LTS[0m!

[   13.118533] systemd[1]: Set hostnam  to <ubuntu>.
[   13.528684] systemd[1]: Initializing machine ID from random generator.
[   13.967664] systemd[1]: Installed transient /etc/machine-id file.
[   15.014904] systemd[1]: Listening on udev Kernel Socket.
[[0;32m  OK  [0m] Listening on udev Kernel Socket.
[   15.205636] systemd[1]: Started Trigger resolvconf update for networkd DNS.
[[0;32m  OK  [0m] Started Trigger resolvconf update for networkd DNS.
[   15.352797] systemd[1]: Set up automount Arbitrary Executable File Formats File System Automount Point.
[[0;32m  OK  [0m] Set up automount Arbitrary Executab...ats File System Automount Point.
[   15.356949] systemd[1]: Listening on Syslog Socket.
[[0;32m  OK  [0m] Listening on Syslog Socket.
[   15.546832] systemd[1]: Listening on udev Control Socket.
[[0;32m  OK  [0m] Listening on udev Control Socket.
[   15.832035] systemd[1]: Created slice User and Session Slice.
[[0;32m  OK  [0m] Created slice User and Session Slice.
[   15.846652] systemd[1]: Listening on Journal Audit Socket.
[[0;32m  OK  [0m] Listening on Journal Audit Socket.
[   15.898759] systemd[1]: Reached target User and Group Name Lookups.
[[0;32m  OK  [0m] Reached target User and Group Name Lookups.
[   15.903789] systemd[1]: Listening on LVM2 metadata daemon socket.
[[0;32m  OK  [0m] Listening on LVM2 metadata daemon socket.
[   15.909887] systemd[1]: Started Forward Password Requests to Wall Directory Watch.
[[0;32m  OK  [0m] Started Forward Password Requests to Wall Directory Watch.
[   15.912448] systemd[1]: Listening on /dev/initctl Compatibility Named Pipe.
[[0;32m  OK  [0m] Listening on /dev/initctl Compatibility Named Pipe.
[   15.914332] systemd[1]: Listening on Journal Socket.
[[0;32m  OK  [0m] Listening on Journal Socket.
[   15.915925] systemd[1]: Listening on Device-mapper event daemon FIFOs.
[[0;32m  OK  [0m] Listening on Device-mapper event daemon FIFOs.
[   15.958869] systemd[1]: Reached target Encrypted Volumes.
[[0;32m  OK  [0m] Reached target Encrypted Volumes.
[   15.960633] systemd[1]: Listening on LVM2 poll daemon socket.
[[0;32m  OK  [0m] Listening on LVM2 poll daemon socket.
[   15.962623] systemd[1]: Created slice System Slice.
[[0;32m  OK  [0m] Created slice System Slice.
[   16.034634] systemd[1]: Mounting POSIX Message Queue File System...
         Mounting POSIX Message Queue File System...
[   16.052010] systemd[1]: Starting Monitoring of LVM2 mirrors, snapshots etc. using dmeventd or progress polling...
         Starting Monitoring of LVM2 mirrors... dmeventd or progress polling...
[   16.060365] systemd[1]: Mounting Debug File System...
         Mounting Debug File System...
[   16.142948] systemd[1]: Starting Load Kernel Modules...
         Starting Load Kernel Modules...
[   16.165537] systemd[1]: Reached target Slices.
[[0;32m  OK  [0m] Reached target Slices.
[   16.270551] systemd[1]: Starting Remount Root and Kernel File Systems...
         Starting Remount Root and Kernel File Systems...
[   16.354944] systemd[1]: Starting Set console keymap...
         [   16.639311] EXT4-fs (sda1): re-mounted. Opts: (null)
Starting Set console keymap...
[   16.818668] systemd[1]: Created slice system-serial\x2dgetty.slice.
[[0;32m  OK  [0m] Created slice[   17.213275] Loading iSCSI transport class v2.0-870.
 system-serial\x2dgetty.slice.
[   17.21712]] systemd[1]: Starting Nameserver information manager...
         Starting Nameserver information manager...
[   17.415206] systemd[1]: Starting Uncomplicated firewall...
         Starting Uncomplicated [   17.431399] iscsi: registered transport (tcp)
firewall...
[   17.432340] systemd[1]: Reached target Swap.
[[0;32m  OK  [0m] Reached target Swap.
[   17.437726] systemd[1]: Mounting Huge Pages File System...
         Mounting Huge Pages File System...
[   17.442818] systemd[1]: Listening on Journal Socket (/dev/log).
[[0;32m  OK  [0m] Listening on Journal Socket (/dev/log).
[   17.451570] systemd[1]: Starting Journal Service...
         Starting Journal Service...
[   17.459893] systemd[1]: Starting Create list of required static device nodes for the current kernel...
         Starting Create list of required st... nodes for the current kernel...
[   17.466533] systemd[1]: Mounted POSIX Message Queue File System.
[[0;32m  OK  [0m] Mounted POSIX Message Queue File System.
[   17.502789] systemd[1]: Mounted Debug File System.
[[0;32m  OK  [0m] Mounted Debug File System.
[   17.626627] systemd[1]: Mounted Huge Pages File System.
[[0;32m  OK  [0m] Mounted Huge Pages File System.
[   17.646231] systemd[1]: Started Remount Root and Kernel File Systems.
[[0;32m  OK  [0m] Started Remount Root and Kernel File Systems.
[   17.683129] systemd[1]: Started Set console keymap.
[   17.683239] iscsi: registered transport (iser)
[[0;32m  OK  [0m] Started Set console keymap.
[   17.730307] systemd[1]: Started Load Kernel Modules.
[[0;32m  OK  [0m] Started Load Kernel Modules.
[   17.867764] systemd[1]: Started Uncomplicated firewall.
[[0;32m  OK  [0m] Started Uncomplicated firewall.
[   17.915583] systemd[1]: Started Create list of required static device nodes for the current kernel.
[[0;32m  OK  [0m] Started Create list of required sta...ce nodes for the current kernel.
[   17.966681] systemd[1]: Started Nameserver information manager.
[[0;32m  OK  [0m] Started Nameserver information manager.
[   18.017602] systemd[1]: Started Journal Service.
[[0;32m  OK  [0m] Started Journal Service.
[[0;32m  OK  [0m] Started LVM2 metadata daemon.
         Starting Create Static Device Nodes in /dev...
         Starting Apply Kernel Variables...
         Mounting FUSE Control File System...
         Starting Initial cloud-init job (pre-networking)...
         Starting udev Coldplug all Devices...
         Starting Load/Save Random Seed...
         Starting Flush Journal to Persistent Storage...
[[0;32m  OK  [0m] Mounted FUSE Control File System.
[[0;32m  OK  [0m] Started Apply Kernel Variables.
[[0;32m  OK  [0m] Started udev Coldplug all Devices.
[[0;32m  OK  [0m] Started Load/Save Random Seed.
[[0;32m  OK  [0m] Started Flush Journal to Persistent Storage.
[[0;32m  OK  [0m] Started Create Static Device Nodes in /dev.
         Starting udev Kernel Device Manager...
[[0;32m  OK  [0m] Started Monitoring of LVM2 mirrors,...ng dmeventd or progress polling.
[[0;32m  OK  [0m] Started udev Kernel Device Manager.
[[0;32m  OK  [0m] Reached target Local File Systems (Pre).
[[0;32m  OK  [0m] Reached target Local File Systems.
         Starting Commit a transient machine-id on disk...
         Starting LSB: AppArmor initialization...
         Starting Tell Plymouth To Write Out Runtime Data...
         Starting Set console font and keymap...
         Starting Create Volatile Files and Directories...
[[0;32m  OK  [0m] Started Dispatch Password Requests to Console Directory Watch.
[[0;32m  OK  [0m] Started Tell Plymouth To Write Out Runtime Data.
[[0;32m  OK  [0m] Started Commit a transient machine-id on disk.
[[0;32m  OK  [0m] Found device /dev/ttyS0.
[[0;32m  OK  [0m] Started Create Volatile Files and Directories.
         Starting Update UTMP about System Boot/Shutdown...
[[0;32m  OK  [0m] Reached target System Time Synchronized.
[[0;32m  OK  [0m] Started Update UTMP about System Boot/Shutdown.
[[0;32m  OK  [0m] Listening on Load/Save RF Kill Switch Status /dev/rfkill Watch.
[[0;32m  OK  [0m] Started Set console font and keymap.
[[0;32m  OK  [0m] Created slice system-getty.slice.
[[0;32m  OK  [0m] Started LSB: AppArmor initialization.
[   22.241068] cloud-init[438]: Cloud-init v. 0.7.9 running 'init-local' at Tue, 11 Jul 2017 06:28:23 +0000. Up 21.75 seconds.
[[0;32m  OK  [0m] Started Initial cloud-init job (pre-networking).
[[0;32m  OK  [0m] Reached target Network (Pre).
         Starting Raise network interfaces...
[[0;32m  OK  [0m] Started Raise network interfaces.
[[0;32m  OK  [0m] Reached target Network.
         Starting Initial cloud-init job (metadata service crawler)...
[   24.882087] cloud-init[937]: Cloud-init v. 0.7.9 running 'init' at Tue, 11 Jul 2017 06:28:24 +0000. Up 22.95 seconds.
[   24.924522] cloud-init[937]: ci-info: ++++++++++++++++++++++++++++++++++++++Net device info++++++++++++++++++++++++++++++++++++++
[   24.926113] cloud-init[937]: ci-info: +--------+-------+----------------------------+---------------+-------+-------------------+
[   24.926529] cloud-init[937]: ci-info: | Device |   Up  |          Address           |      Mask     | Scope |     Hw-Address    |
[   24.926894] cloud-init[937]: ci-info: +--------+-------+----------------------------+---------------+-------+-------------------+
[   24.927152] cloud-init[937]: ci-info: |   lo   |  True |         127.0.0.1          |   255.0.0.0   |   .   |         .         |
[   24.927409] cloud-init[937]: ci-info: |   lo   |  True |          ::1/128           |       .       |  host |         .         |
[   24.927663] cloud-init[937]: ci-info: | enp0s3 |  True |         10.0.2.15          | 255.255.255.0 |   .   | 02:84:b9:05:ef:6e |
[   24.927808] cloud-init[937]: ci-info: | enp0s3 |  True | fe80::84:b9ff:fe05:ef6e/64 |       .       |  link | 02:84:b9:05:ef:6e |
[   24.928111] cloud-init[937]: ci-info: | enp0s8 | False |             .              |       .       |   .   | 08:00:27:6e:73:36 |
[   24.928454] cloud-init[937]: ci-info: +--------+-------+----------------------------+---------------+-------+-------------------+
[   24.928708] cloud-init[937]: ci-info: +++++++++++++++++++++++++++Route IPv4 info++++++++++++++++++++++++++++
[   24.928847] cloud-init[937]: ci-info: +-------+-------------+----------+---------------+-----------+-------+
[   24.928984] cloud-init[937]: ci-info: | Route | Destination | Gateway  |    Genmask    | Interface | Flags |
[   24.929122] cloud-init[937]: ci-info: +-------+-------------+----------+---------------+-----------+-------+
[   24.929262] cloud-init[937]: ci-info: |   0   |   0.0.0.0   | 10.0.2.2 |    0.0.0.0    |   enp0s3  |   UG  |
[   24.929522] cloud-init[937]: ci-info: |   1   |   10.0.2.0  | 0.0.0.0  | 255.255.255.0 |   enp0s3  |   U   |
[   24.929777] cloud-init[937]: ci-info: +-------+-------------+----------+---------------+-----------+-------+
[   24.929926] cloud-init[937]: Generating public/private rsa key pair.
[   24.930085] cloud-init[937]: Your identification has been saved in /etc/ssh/ssh_host_rsa_key.
[   24.930451] cloud-init[937]: Your public key has been saved in /etc/ssh/ssh_host_rsa_key.pub.
[   24.930592] cloud-init[937]: The key fingerprint is:
[   24.930727] cloud-init[937]: SHA256:zRIh2X55MItHBW0pt3T7Go+3AEqzZVMOUEFdxKNB21U root@ubuntu-xenial
[   24.930866] cloud-init[937]: The key's randomart image is:
[   24.931020] cloud-init[937]: +---[RSA 2048]----+
[   24.931272] cloud-init[937]: |      .o..+B=o+oE|
[   24.931423] cloud-init[937]: |      ....* *o+o.|
[   24.931676] cloud-init[937]: |       ..o @ =oo.|
[   24.931832] cloud-init[937]: |        o+= *..  |
[   24.932124] cloud-init[937]: |        S=o* . . |
[   24.932463] cloud-init[937]: |        ..* o . .|
[   24.932602] cloud-init[937]: |         o   . = |
[   24.932737] cloud-init[937]: |              + o|
[   24.932876] cloud-init[937]: |               o.|
[   24.933012] cloud-init[937]: +----[SHA256]-----+
[   24.933150] cloud-init[937]: Generating public/private dsa key pair.
[   24.933294] cloud-init[937]: Your identification has been saved in /etc/ssh/ssh_host_dsa_key.
[   24.933546] cloud-init[937]: Your public key has been saved in /etc/ssh/ssh_host_dsa_key.pub.
[   24.933682] cloud-init[937]: The key fingerprint is:
[   24.933823] cloud-init[937]: SHA256:78rB8strYyV5HI32M1GCkqWv509xkY7f2R1g/PLWO3w root@ubuntu-xenial
[   24.933972] cloud-init[937]: The key's randomart image is:
[[0;32m  OK  [0m] Started Initial cloud-init job (metadata service crawler).
[   24.934115] cloud-init[937]: +---[DSA 1024]----+
[   24.982332] cloud-init[937]: |         o..     |
[   24.982575] cloud-init[937]: |        o.. o .. |
[[0;32m  OK  [0m] Reached target Cloud-config availability.
[[   24.982742] cloud-init[937]: |        .. o *o  |
[   24.985664] cloud-init[937]: |         .+ +oo. |
[   24.985770] cloud-init[937]: |        S+.ooooo |
[   24.985891] cloud-init[937]: |       .oo+ ++o.*|
[   24.986165] cloud-init[937]: |      . ++o .oo+=|
[   24.986283] cloud-init[937]: |       =+= .  .oE|
[   24.986405] cloud-init[937]: |       oB=o..  .o|
[   24.986535] cloud-init[937]: +----[SHA256]-----+
[   24.986657] cloud-init[937]: Generating public/private ecdsa key pair.
[   24.986781] cloud-init[937]: Your identification has been saved in /etc/ssh/ssh_host_ecdsa_key.
[   24.986904] cloud-init[937]: Your public key has been saved in /etc/ssh/ssh_host_ecdsa_key.pub.
[   24.987027] cloud-init[937]: The key fingerprint is:
[   24.987151] cloud-init[937]: SHA256:cfFGxp/G6toL678L48XHQEGAgX71pUo1tOrwop00IRI root@ubuntu-xenial
[   24.987276] cloud-init[937]: The key's randomart image is:
[   24.987398] cloud-init[937]: +---[ECDSA 256]---+
[   24.987521] cloud-init[937]: |       ..oo=*    |
[   24.987647] cloud-init[937]: |      . . .=+o.  |
[   24.987768] cloud-init[937]: |    E.  ...o=* . |
[   24.987894] cloud-init[937]: |     .. .o.+o =  |
[   24.988040] cloud-init[937]: |    . ..S....o   |
[   24.988150] cloud-init[937]: |     . . =...o   |
[   24.988267] cloud-init[937]: |        + *.o o  |
[   24.988390] cloud-init[937]: |       + = B..   |
[   24.988513] cloud-init[937]: |      . o.=o*+   |
[   24.988637] cloud-init[937]: +----[SHA256]-----+
[   24.988761] cloud-init[937]: Generating public/private ed25519 key pair.
[   24.988883] cloud-init[937]: Your identification has been saved in /etc/ssh/ssh_host_ed25519_key.
[   24.989005] cloud-init[937]: Your public key has been saved in /etc/ssh/ssh_host_ed25519_key.pub.
[   24.989128] cloud-init[937]: The key fingerprint is:
[   24.989251] cloud-init[937]: SHA256:VRil78JUJ8QmYoiH6qatztin6bISsJkNoaOX+pFRwgk root@ubuntu-xenial
[   24.989377] cloud-init[937]: The key's randomart image is:
[   24.989496] cloud-init[937]: +--[ED25519 256]--+
[   24.989619] cloud-init[937]: |E    o .  .=+    |
[   24.989744] cloud-init[937]: |.o .o o o o+o    |
[   24.989865] cloud-init[937]: |..+... . .ooo .  |
[   24.989996] cloud-init[937]: |= .o     . o o   |
[0;32m  OK  [0m] Reached target System Initialization.
[   24.990035] cloud-init[937]: |oO..    S . .    |
[   25.052582] cloud-init[937]: |* *o     o .     |
[   25.078140] cloud-init[937]: | Bo       o .    |
[   25.078803] cloud-init[937]: |B..o.      .     |
[[0;32m  OK  [0m] Started ACPI Events Check.
[[   25.079091] cloud-init[937]: |*O*o             |
[0;32m  OK  [0m] Reached target Paths.
[[   25.173789] cloud-init[937]: +----[SHA256]-----+
[0;32m  OK  [0m] Listening on UUID daemon activation socket.
[[0;32m  OK  [0m] Listening on D-Bus System Message Bus Socket.
[[0;32m  OK  [0m] Listening on ACPID Listen Socket.
[[0;32m  OK  [0m] Started Daily apt activities.
[[0;32m  OK  [0m] Started Daily Cleanup of Temporary Directories.
         Starting LXD - unix socket.
[[0;32m  OK  [0m] Started Timer to automatically refresh installed snaps.
[[0;32m  OK  [0m] Reached target Timers.
         Starting Socket activation for snappy daemon.
[[0;32m  OK  [0m] Reached target Network is Online.
         Starting iSCSI initiator daemon (iscsid)...
[[0;32m  OK  [0m] Listening on LXD - unix socket.
[[0;32m  OK  [0m] Listening on Socket activation for snappy daemon.
[[0;32m  OK  [0m] Reached target Sockets.
[[0;32m  OK  [0m] Reached target Basic System.
         Starting /etc/rc.local Compatibility...
[[0;32m  OK  [0m] Started FUSE filesystem for LXC.
[[0;32m  OK  [0m] Started Unattended Upgrades Shutdown.
[[0;32m  OK  [0m] Started D-Bus System Message Bus.
[[0;32m  OK  [0m] Started ACPI event daemon.
         Starting Accounts Service...
[[0;32m  OK  [0m] Started Deferred execution scheduler.
[[0;32m  OK  [0m] Started Snappy daemon.
         Starting Pollinate to seed the pseudo random number generator...
         Starting Login Service...
         Starting Auto import assertions from block devices...
         Starting System Logging Service...
         Starting LSB: Record successful boot for GRUB...
[[0;32m  OK  [0m] Started Regular background program processing daemon.
         Starting Apply the settings specified in cloud-config...
         Starting LSB: MD monitoring daemon...
         Starting LXD - container startup/shutdown...
[[0;32m  OK  [0m] Started iSCSI initiator daemon (iscsid).
[[0;32m  OK  [0m] Started /etc/rc.local Compatibility.
[[0;32m  OK  [0m] Started Auto import assertions from block devices.
         Starting Login to default iSCSI targets...
[[0;32m  OK  [0m] Started Login Service.
[[0;32m  OK  [0m] Started System Logging Service.
[[0;32m  OK  [0m] Started LSB: Record successful boot for GRUB.
[[0;32m  OK  [0m] Started Login to default iSCSI targets.
[[0;32m  OK  [0m] Reached target Remote File Systems (Pre).
[[0;32m  OK  [0m] Reached target Remote File Systems.
         Starting LSB: Set the CPU Frequency Scaling governor to "ondemand"...
         Starting LSB: VirtualBox Linux Additions...
         Starting LSB: daemon to balance interrupts for SMP systems...
         Starting LSB: automatic crash report generation...
         Starting Permit User Sessions...
[[0;32m  OK  [0m] Started LSB: MD monitoring daemon.
[[0;32m  OK  [0m] Started LSB: Set the CPU Frequency Scaling governor to "ondemand".
[[0;32m  OK  [0m] Started Permit User Sessions.
         Starting Terminate Plymouth Boot Screen...
         Starting Hold until boot process finishes up...
[[0;32m  OK  [0m] Started Hold until boot process finishes up.
[[0;32m  OK  [0m] Started Terminate Plymouth Boot Screen.
         Starting Set console scheme...
[   27.184394] [cloud-init[0;32m  OK  [0m[1083]: ] Generating locales (this might take a while)...Started Serial Getty on ttyS0.

[[0;32m  OK  [0m] Started Getty on tty1.
[[0;32m  OK  [0m] Reached target Login Prompts.
[[0;32m  OK  [0m] Started LSB: automatic crash report generation.
[[0;32m  OK  [0m] Started LSB: daemon to balance interrupts for SMP systems.
         Starting Authenticate and Authorize Users to Run Privileged Tasks...
[[0;32m  OK  [0m] Started Set console scheme.
[[0;32m  OK  [0m] Started Authenticate and Authorize Users to Run Privileged Tasks.
[[0;32m  OK  [0m] Started Accounts Service.
[[0;32m  OK  [0m] Started LSB: VirtualBox Linux Additions.
[   29.199369] cloud-init[1083]:   en_US.UTF-8... done
[   29.209111] cloud-init[1083]: Generation complete.
[[0;32m  OK  [0m] Started LXD - container startup/shutdown.
[[0;32m  OK  [0m] Started Pollinate to seed the pseudo random number generator.
         Starting OpenBSD Secure Shell server...
[[0;32m  OK  [0m] Started OpenBSD Secure Shell server.
[[0;32m  OK  [0m] Reached target Multi-User System.
[[0;32m  OK  [0m] Reached target Graphical Interface.
         Starting Update UTMP about System Runlevel Changes...
[[0;32m  OK  [0m] Started Update UTMP about System Runlevel Changes.
         Stopping OpenBSD Secure Shell server...
[[0;32m  OK  [0m] Stopped OpenBSD Secure Shell server.
         Starting OpenBSD Secure Shell server...
[[0;32m  OK  [0m] Started OpenBSD Secure Shell server.
[[0;32m  OK  [0m] Created slice User Slice of ubuntu.
         Starting User Manager for UID 1000...
[[0;32m  OK  [0m] Started Session 1 of user ubuntu.
[[0;32m  OK  [0m] Started User Manager for UID 1000.
[   32.690525] cloud-init[1083]: Cloud-init v. 0.7.9 running 'modules:config' at Tue, 11 Jul 2017 06:28:28 +0000. Up 26.52 seconds.

Ubuntu 16.04.2 LTS ubuntu-xenial ttyS0

ubuntu-xenial login: ci-info: no authorized ssh keys fingerprints found for user ubuntu.
<14>Jul 11 06:28:35 ec2: 
<14>Jul 11 06:28:35 ec2: #############################################################
<14>Jul 11 06:28:35 ec2: -----BEGIN SSH HOST KEY FINGERPRINTS-----
<14>Jul 11 06:28:35 ec2: 1024 SHA256:78rB8strYyV5HI32M1GCkqWv509xkY7f2R1g/PLWO3w root@ubuntu-xenial (DSA)
<14>Jul 11 06:28:35 ec2: 256 SHA256:cfFGxp/G6toL678L48XHQEGAgX71pUo1tOrwop00IRI root@ubuntu-xenial (ECDSA)
<14>Jul 11 06:28:35 ec2: 256 SHA256:VRil78JUJ8QmYoiH6qatztin6bISsJkNoaOX+pFRwgk root@ubuntu-xenial (ED25519)
<14>Jul 11 06:28:35 ec2: 2048 SHA256:zRIh2X55MItHBW0pt3T7Go+3AEqzZVMOUEFdxKNB21U root@ubuntu-xenial (RSA)
<14>Jul 11 06:28:35 ec2: -----END SSH HOST KEY FINGERPRINTS-----
<14>Jul 11 06:28:35 ec2: #############################################################
-----BEGIN SSH HOST KEY KEYS-----
ecdsa-sha2-nistp256 AAAAE2VjZHNhLXNoYTItbmlzdHAyNTYAAAAIbmlzdHAyNTYAAABBBDXi2x5H4lwcx6H/XiN5yrm4AYlq4gXDDxbRzpJAxQO2j7ww3RgQA6bTiMfNdlw21D4+9kH9Swc9FU4xZBR4POQ= root@ubuntu-xenial
ssh-ed25519 AAAAC3NzaC1lZDI1NTE5AAAAIKy/OP/D6oA0v3QNuzkfTtuJpJwdXd+3W/m7khO7kZmL root@ubuntu-xenial
ssh-rsa AAAAB3NzaC1yc2EAAAADAQABAAABAQC/86zRssP3Hl/8aa6Bfw0UKv8193TGDetXpOz8bsJMZ1/nfOZ9r/Q+D46rQKqosdvIHwQRJzW+gY8jKYhq1++xD0u1QL3/2Sy3CZ/3nDb76GyFmXOfIYeG7AfOE1VzsVErVotm63mmJa5pk6Vp0R+3szjTeODu2+3/s9wx6CqIPhaIg+SH4puBEMBlwGo3H2PwHoEY0xYM4cZt/ZN3/GM1vxfH6BQv19oK7UGv6TuwxFgoayMzfiM1mmoL10gU4M7XavduK1e4IjbDiYJfkh3H7N8ivPvZ32oORin8kq+I3ogzx2sR7NFoeD1AoYz9vp2NLMnEBVtsHEm8fDvA26E1 root@ubuntu-xenial
-----END SSH HOST KEY KEYS-----
[   33.509900] cloud-init[1377]: Cloud-init v. 0.7.9 running 'modules:final' at Tue, 11 Jul 2017 06:28:35 +0000. Up 33.23 seconds.
[   33.510215] cloud-init[1377]: ci-info: no authorized ssh keys fingerprints found for user ubuntu.
[   33.510397] cloud-init[1377]: Cloud-init v. 0.7.9 finished at Tue, 11 Jul 2017 06:28:35 +0000. Datasource DataSourceNoCloud [seed=/dev/sdb][dsmode=net].  Up 33.49 seconds
[  OK  ] Stopped target Timers.
         Stopping ACPI event daemon...
[  OK  ] Stopped Daily Cleanup of Temporary Directories.
         Stopping Authenticate and Authorize Users to Run Privileged Tasks...
         Stopping User Manager for UID 1000...
[  OK  ] Stopped Timer to automatically refresh installed snaps.
[  OK  ] Closed Load/Save RF Kill Switch Status /dev/rfkill Watch.
[  OK  ] Stopped Daily apt activities.
         Stopping Session 4 of user ubuntu.
[  OK  ] Stopped target System Time Synchronized.
[  OK  ] Stopped target Graphical Interface.
         Stopping Accounts Service...
[  OK  ] Stopped target Cloud-init target.
[  OK  ] Stopped Execute cloud user/final scripts.
[  OK  ] Stopped target Multi-User System.
[  OK  ] Stopped target Login Prompts.
         Stopping Getty on tty1...
         Stopping OpenBSD Secure Shell server...
         Stopping LSB: MD monitoring daemon...
         Stopping LSB: Set the CPU Frequency Scaling governor to "ondemand"...
         Stopping Deferred execution scheduler...
         Stopping D-Bus System Message Bus...
         Stopping LSB: automatic crash report generation...
         Stopping FUSE filesystem for LXC...
         Stopping LSB: daemon to balance interrupts for SMP systems...
         Stopping vboxadd.service...
           Stopping LSB: Record successful boot for GRUB...
[  OK  ] Unmounted /var/lib/lxcfs.
[  OK  ] Stopped ACPI event daemon.
[  OK  ] Stopped Accounts Service.
[  OK  ] Stopped Deferred execution scheduler.
[  OK  ] Stopped Snappy daemon.
[  OK  ] Stopped System Logging Service.
[  OK  ] Stopped Regular background program processing daemon.
[  OK  ] Stopped Serial Getty on ttyS0.
[  OK  ] Stopped Getty on tty1.
[  OK  ] Stopped Authenticate and Authorize Users to Run Privileged Tasks.
[  OK  ] Stopped OpenBSD Secure Shell server.
[  OK  ] Stopped User Manager for UID 1000.
[  OK  ] Stopped Session 4 of user ubuntu.
[  OK  ] Stopped D-Bus System Message Bus.
[  OK  ] Stopped Unattended Upgrades Shutdown.
[  OK  ] Stopped FUSE filesystem for LXC.
[  OK  ] Unmounted /vagrant.
[  OK  ] Stopped vboxadd.service.
[  OK  ] Stopped LXD - container startup/shutdown.
[  OK  ] Stopped LSB: Set the CPU Frequency Scaling governor to "ondemand".
[  OK  ] Stopped LSB: MD monitoring daemon.
[  OK  ] Stopped LSB: automatic crash report generation.
[  OK  ] Stopped LSB: daemon to balance interrupts for SMP systems.
[  OK  ] Stopped LSB: Record successful boot for GRUB.
[  OK  ] Removed slice User Slice of ubuntu.
         Stopping Login Service...
[  OK  ] Removed slice system-getty.slice.
[  OK  ] Stopped /etc/rc.local Compatibility.
         Stopping Permit User Sessions...
[  OK  ] Removed slice system-serial\x2dgetty.slice.
[  OK  ] Stopped Permit User Sessions.
[  OK  ] Stopped target Remote File Systems.
[  OK  ] Stopped target Remote File Systems (Pre).
         Stopping Login to default iSCSI targets...
[  OK  ] Stopped Login Service.
[  OK  ] Stopped target Basic System.
[  OK  ] Stopped target Slices.
[  OK  ] Stopped target Paths.
[  OK  ] Stopped Forward Password Requests to Wall Directory Watch.
[  OK  ] Stopped Dispatch Password Requests to Console Directory Watch.
[  OK  ] Stopped ACPI Events Check.
[  OK  ] Stopped target Sockets.
[  OK  ] Closed UUID daemon activation socket.
[  OK  ] Closed ACPID Listen Socket.
[  OK  ] Closed LXD - unix socket.
[  OK  ] Closed Syslog Socket.
[  OK  ] Closed Socket activation for snappy daemon.
[  OK  ] Stopped target User and Group Name Lookups.
[  OK  ] Closed D-Bus System Message Bus Socket.
[  OK  ] Stopped target System Initialization.
         Stopping Load/Save Random Seed...
[  OK  ] Stopped target Swap.
         Stopping Update UTMP about System Boot/Shutdown...
[  OK  ] Stopped Commit a transient machine-id on disk.
[  OK  ] Stopped target Encrypted Volumes.
[  OK  ] Removed slice User and Session Slice.
[  OK  ] Stopped Load/Save Random Seed.
[  OK  ] Stopped Update UTMP about System Boot/Shutdown.
[  OK  ] Stopped Create Volatile Files and Directories.
[  OK  ] Stopped Login to default iSCSI targets.
         Stopping iSCSI initiator daemon (iscsid)...
[  OK  ] Stopped iSCSI initiator daemon (iscsid).
[  OK  ] Stopped target Network is Online.
[  OK  ] Stopped target Network.
[  OK  ] Stopped Initial cloud-init job (metadata service crawler).
         Stopping Raise network interfaces...
[  OK  ] Stopped Raise network interfaces.
[  OK  ] Stopped target Network (Pre).
[  OK  ] Stopped Initial cloud-init job (pre-networking).
[  OK  ] Stopped Apply Kernel Variables.
[  OK  ] Stopped Load Kernel Modules.
[  OK  ] Stopped target Local File Systems.
         Unmounting /run/user/1000...
[  OK  ] Unmounted /run/user/1000.
[  OK  ] Reached target Unmount All Filesystems.
[  OK  ] Stopped target Local File Systems (Pre).
         Stopping Monitoring of LVM2 mirrors... dmeventd or progress polling...
[  OK  ] Stopped Remount Root and Kernel File Systems.
[  OK  ] Stopped Create Static Device Nodes in /dev.
[  OK  ] Reached target Shutdown.
[  673.698831] reboot: Power down
